================
Failure("LAUNCH: environment variable TOP *must* be set to use this wrapper")
================
foo
================
bar
================
DONE
